Traceback (most recent call last):
  File "<frozen runpy>", line 198, in _run_module_as_main
  File "<frozen runpy>", line 88, in _run_code
  File "C:\Users\DEBOLINA\AppData\Local\Programs\Python\Python312\Lib\site-packages\uvicorn\__main__.py", line 4, in <module>
    uvicorn.main()
  File "C:\Users\DEBOLINA\AppData\Local\Programs\Python\Python312\Lib\site-packages\click\core.py", line 1524, in __call__
    return self.main(*args, **kwargs)
           ^^^^^^^^^^^^^^^^^^^^^^^^^^
  File "C:\Users\DEBOLINA\AppData\Local\Programs\Python\Python312\Lib\site-packages\click\core.py", line 1445, in main
    rv = self.invoke(ctx)
         ^^^^^^^^^^^^^^^^
  File "C:\Users\DEBOLINA\AppData\Local\Programs\Python\Python312\Lib\site-packages\click\core.py", line 1308, in invoke
    return ctx.invoke(self.callback, **ctx.params)
           ^^^^^^^^^^^^^^^^^^^^^^^^^^^^^^^^^^^^^^^
  File "C:\Users\DEBOLINA\AppData\Local\Programs\Python\Python312\Lib\site-packages\click\core.py", line 877, in invoke
    return callback(*args, **kwargs)
           ^^^^^^^^^^^^^^^^^^^^^^^^^
  File "C:\Users\DEBOLINA\AppData\Local\Programs\Python\Python312\Lib\site-packages\uvicorn\main.py", line 441, in main
    run(
  File "C:\Users\DEBOLINA\AppData\Local\Programs\Python\Python312\Lib\site-packages\uvicorn\main.py", line 609, in run
    config.load_app()
  File "C:\Users\DEBOLINA\AppData\Local\Programs\Python\Python312\Lib\site-packages\uvicorn\config.py", line 415, in load_app
    return import_from_string(self.app)
           ^^^^^^^^^^^^^^^^^^^^^^^^^^^^
  File "C:\Users\DEBOLINA\AppData\Local\Programs\Python\Python312\Lib\site-packages\uvicorn\importer.py", line 22, in import_from_string
    raise exc from None
  File "C:\Users\DEBOLINA\AppData\Local\Programs\Python\Python312\Lib\site-packages\uvicorn\importer.py", line 19, in import_from_string
    module = importlib.import_module(module_str)
             ^^^^^^^^^^^^^^^^^^^^^^^^^^^^^^^^^^^
  File "C:\Users\DEBOLINA\AppData\Local\Programs\Python\Python312\Lib\importlib\__init__.py", line 90, in import_module
    return _bootstrap._gcd_import(name[level:], package, level)
           ^^^^^^^^^^^^^^^^^^^^^^^^^^^^^^^^^^^^^^^^^^^^^^^^^^^^
  File "<frozen importlib._bootstrap>", line 1387, in _gcd_import
  File "<frozen importlib._bootstrap>", line 1360, in _find_and_load
  File "<frozen importlib._bootstrap>", line 1331, in _find_and_load_unlocked
  File "<frozen importlib._bootstrap>", line 935, in _load_unlocked
  File "<frozen importlib._bootstrap_external>", line 999, in exec_module
  File "<frozen importlib._bootstrap>", line 488, in _call_with_frames_removed
  File "C:\Users\DEBOLINA\Desktop\Final Year Project\final_year_v2-main\backend\app.py", line 9, in <module>
    from rag_utils import load_index, answer_with_rag, answer_with_zero_shot
  File "C:\Users\DEBOLINA\Desktop\Final Year Project\final_year_v2-main\backend\rag_utils.py", line 9, in <module>
    from sklearn.feature_extraction.text import TfidfVectorizer
ModuleNotFoundError: No module named 'sklearn'
